// Jest Snapshot v1, https://goo.gl/fbAQLP

exports[`GroupChat Component should match the GroupChat snapshot 1`] = `
<div>
  <div
    className="row"
  >
    <div
      className="col s12 m12 l12 form-margin message-form"
    >
      <h5>
         
        BANKUE
         
      </h5>
      <div
        className="message-box"
      >
        <ul
          className="collection"
        />
      </div>
      <div
        className="message-holder"
      >
        <div
          className="message-card2 "
        >
          <label
            htmlFor="textarea"
          >
            Enter Message Here
          </label>
          <textarea
            id="textarea"
            name="message"
            onChange={[Function]}
            value=""
          />
          <label>
            Priority
          </label>
          <select
            className="browser-default input-field select"
            id="messagePriority"
            name="messagePriority"
            onChange={[Function]}
          >
            <option
              disabled={true}
              selected={true}
              value=""
            >
              Choose your option
            </option>
            <option
              value="normal"
            >
              Normal
            </option>
            <option
              value="urgent"
            >
              Urgent
            </option>
            <option
              value="critical"
            >
              Critical
            </option>
          </select>
          <button
            id="submit-message"
            onClick={[Function]}
          >
             Send 
          </button>
        </div>
      </div>
    </div>
  </div>
</div>
`;
