// Jest Snapshot v1, https://goo.gl/fbAQLP

exports[`GroupChat Component should match the GroupChat snapshot 1`] = `
<div>
  <div
    className="row"
  >
    <div
      className="col s12 m12 l12 message-form"
    >
      <h5>
         
        BANKUE
         
      </h5>
      <Link
        className="waves-effect waves-light red lighten-2 btn"
        replace={false}
        to="/homepage/group/undefined/add-user"
      >
        <i
          className="material-icons left"
        >
          add
        </i>
        Add User
      </Link>
      <div
        className="col s12"
      >
        <ul
          className="msg-collection"
        />
        <div
          className="col s12"
        >
          <div
            className="col s9"
          >
            <label
              htmlFor="textarea"
            >
              Enter Message Here
            </label>
             
            <br />
            <textarea
              className="materialize-textarea"
              id="message"
              name="message"
              onChange={[Function]}
              value=""
            />
          </div>
          <div
            className="col s3"
          >
            <label>
              Priority
            </label>
             
            <br />
            <select
              className="browser-default input-field select"
              id="messagePriority"
              name="messagePriority"
              onChange={[Function]}
              value="normal"
            >
              <option
                defaultValue={true}
                value="normal"
              >
                Normal
              </option>
              <option
                value="urgent"
              >
                Urgent
              </option>
              <option
                value="critical"
              >
                Critical
              </option>
            </select>
          </div>
        </div>
        <button
          className="btn"
          id="submit-message"
          onClick={[Function]}
        >
           
          Send
           
        </button>
      </div>
    </div>
  </div>
</div>
`;
