// Jest Snapshot v1, https://goo.gl/fbAQLP

exports[`Hompeage component should match the Dashboard component snapshot 1`] = `
<div>
  <Connect(withRouter(Sidebar)) />
  <div
    className="homepage"
  >
    <Switch>
      <Route
        component={[Function]}
        path="undefined/welcome-page"
      />
      <Route
        component={[Function]}
        path="undefined/create-group"
      />
      <Route
        component={[Function]}
        path="undefined/groups"
      />
      <Route
        component={[Function]}
        path="undefined/view-group/:groupId"
      />
      <Route
        component={[Function]}
        path="undefined/search-users"
      />
      <Route
        component={[Function]}
        path="undefined/user-profile"
      />
      <Route
        component={[Function]}
        path="undefined/group/:groupId/add-user"
      />
      <Route
        component={[Function]}
        path="undefined/group/:groupid/group-users"
      />
      <Route
        component={[Function]}
      />
    </Switch>
  </div>
</div>
`;
