// Jest Snapshot v1, https://goo.gl/fbAQLP

exports[`ResetPassword component should match the ResetPassword snapshot 1`] = `
<div>
  <Connect(withRouter(NavigationBar))
    match={
      Object {
        "path": "",
      }
    }
  />
  <div
    className="form-margin"
  >
    <div
      className="col s12 container"
    >
      <div
        className="input-field col s6 offset-s3"
      >
        <i
          className="material-icons prefix"
        >
          lock
        </i>
        <input
          className="validate"
          id="password"
          name="password"
          onChange={[Function]}
          required={true}
          type="password"
          value=""
        />
        <label
          className="active"
          htmlFor="password"
        >
          password
        </label>
      </div>
      <div
        className="input-field col s6 offset-s3"
      >
        <i
          className="material-icons prefix"
        >
          lock
        </i>
        <input
          className="validate"
          id="confirmPassword"
          name="confirmPassword"
          onChange={[Function]}
          required={true}
          type="password"
          value=""
        />
        <label
          className="active"
          htmlFor="confirmPassword"
        >
          confirm password
        </label>
      </div>
      <div
        className="input-field col s6 offset-s3"
      >
        <button
          className="btn waves-effect waves-light col s6 offset-s3 red lighten-2"
          id="resetPassword"
          name="action"
          onClick={[Function]}
        >
          Reset Password
          <i
            className="material-icons right"
          >
            send
          </i>
        </button>
      </div>
    </div>
  </div>
</div>
`;
